[2025-03-03T18:21:07.553+0000] {taskinstance.py:1979} INFO - Dependencies all met for dep_context=non-requeueable deps ti=<TaskInstance: example_failure_reporting_dag.failing_task manual__2025-03-03T18:21:03.490032+00:00 [queued]>
[2025-03-03T18:21:07.572+0000] {taskinstance.py:1979} INFO - Dependencies all met for dep_context=requeueable deps ti=<TaskInstance: example_failure_reporting_dag.failing_task manual__2025-03-03T18:21:03.490032+00:00 [queued]>
[2025-03-03T18:21:07.573+0000] {taskinstance.py:2193} INFO - Starting attempt 1 of 2
[2025-03-03T18:21:07.602+0000] {taskinstance.py:2217} INFO - Executing <Task(PythonOperator): failing_task> on 2025-03-03 18:21:03.490032+00:00
[2025-03-03T18:21:07.612+0000] {standard_task_runner.py:60} INFO - Started process 107 to run task
[2025-03-03T18:21:07.617+0000] {standard_task_runner.py:87} INFO - Running: ['***', 'tasks', 'run', 'example_failure_reporting_dag', 'failing_task', 'manual__2025-03-03T18:21:03.490032+00:00', '--job-id', '9', '--raw', '--subdir', 'DAGS_FOLDER/test.py', '--cfg-path', '/tmp/tmp09jso6uj']
[2025-03-03T18:21:07.619+0000] {standard_task_runner.py:88} INFO - Job 9: Subtask failing_task
[2025-03-03T18:21:07.643+0000] {warnings.py:109} WARNING - /home/***/.local/lib/python3.8/site-packages/***/settings.py:194: DeprecationWarning: The sql_alchemy_conn option in [core] has been moved to the sql_alchemy_conn option in [database] - the old setting has been used, but please update your config.
  SQL_ALCHEMY_CONN = conf.get("database", "SQL_ALCHEMY_CONN")

[2025-03-03T18:21:07.710+0000] {task_command.py:423} INFO - Running <TaskInstance: example_failure_reporting_dag.failing_task manual__2025-03-03T18:21:03.490032+00:00 [running]> on host f3442c7c277d
[2025-03-03T18:21:07.878+0000] {taskinstance.py:2513} INFO - Exporting env vars: AIRFLOW_CTX_DAG_EMAIL='sarimsikander24@gmail.com' AIRFLOW_CTX_DAG_OWNER='***' AIRFLOW_CTX_DAG_ID='example_failure_reporting_dag' AIRFLOW_CTX_TASK_ID='failing_task' AIRFLOW_CTX_EXECUTION_DATE='2025-03-03T18:21:03.490032+00:00' AIRFLOW_CTX_TRY_NUMBER='1' AIRFLOW_CTX_DAG_RUN_ID='manual__2025-03-03T18:21:03.490032+00:00'
[2025-03-03T18:21:07.885+0000] {logging_mixin.py:188} INFO - About to fail...
[2025-03-03T18:21:07.889+0000] {taskinstance.py:2731} ERROR - Task failed with exception
Traceback (most recent call last):
  File "/home/airflow/.local/lib/python3.8/site-packages/airflow/models/taskinstance.py", line 444, in _execute_task
    result = _execute_callable(context=context, **execute_callable_kwargs)
  File "/home/airflow/.local/lib/python3.8/site-packages/airflow/models/taskinstance.py", line 414, in _execute_callable
    return execute_callable(context=context, **execute_callable_kwargs)
  File "/home/airflow/.local/lib/python3.8/site-packages/airflow/operators/python.py", line 200, in execute
    return_value = self.execute_callable()
  File "/home/airflow/.local/lib/python3.8/site-packages/airflow/operators/python.py", line 217, in execute_callable
    return self.python_callable(*self.op_args, **self.op_kwargs)
  File "/opt/airflow/dags/test.py", line 138, in task_that_fails
    1/0  # ZeroDivisionError
ZeroDivisionError: division by zero
[2025-03-03T18:21:07.915+0000] {taskinstance.py:1149} INFO - Marking task as UP_FOR_RETRY. dag_id=example_failure_reporting_dag, task_id=failing_task, execution_date=20250303T182103, start_date=20250303T182107, end_date=20250303T182107
[2025-03-03T18:21:07.939+0000] {standard_task_runner.py:107} ERROR - Failed to execute job 9 for task failing_task (division by zero; 107)
[2025-03-03T18:21:07.990+0000] {local_task_job_runner.py:234} INFO - Task exited with return code 1
[2025-03-03T18:21:08.026+0000] {taskinstance.py:3312} INFO - 0 downstream tasks scheduled from follow-on schedule check
