[2025-03-02T13:14:21.473+0000] {manager.py:469} INFO - Processing files using up to 2 processes at a time 
[2025-03-02T13:14:21.474+0000] {manager.py:470} INFO - Process each file at most once every 30 seconds
[2025-03-02T13:14:21.475+0000] {manager.py:471} INFO - Checking for new files in /opt/airflow/dags every 300 seconds
[2025-03-02T13:14:21.476+0000] {manager.py:738} INFO - Searching for files in /opt/airflow/dags
[2025-03-02T13:14:21.491+0000] {manager.py:741} INFO - There are 1 files in /opt/airflow/dags
[2025-03-02T13:14:21.568+0000] {manager.py:879} INFO - 
================================================================================
DAG File Processing Stats

File Path                    PID  Runtime      # DAGs    # Errors  Last Runtime    Last Run
-------------------------  -----  ---------  --------  ----------  --------------  ----------
/opt/airflow/dags/test.py     86  0.03s             0           0
================================================================================
[2025-03-02T13:14:51.696+0000] {manager.py:879} INFO - 
================================================================================
DAG File Processing Stats

File Path                  PID    Runtime      # DAGs    # Errors  Last Runtime    Last Run
-------------------------  -----  ---------  --------  ----------  --------------  -------------------
/opt/airflow/dags/test.py                           1           0  0.20s           2025-03-02T13:14:21
================================================================================
[2025-03-02T13:15:21.989+0000] {manager.py:879} INFO - 
================================================================================
DAG File Processing Stats

File Path                  PID    Runtime      # DAGs    # Errors  Last Runtime    Last Run
-------------------------  -----  ---------  --------  ----------  --------------  -------------------
/opt/airflow/dags/test.py                           1           0  0.37s           2025-03-02T13:14:52
================================================================================
[2025-03-02T13:15:52.490+0000] {manager.py:879} INFO - 
================================================================================
DAG File Processing Stats

File Path                  PID    Runtime      # DAGs    # Errors  Last Runtime    Last Run
-------------------------  -----  ---------  --------  ----------  --------------  -------------------
/opt/airflow/dags/test.py                           1           0  0.17s           2025-03-02T13:15:22
================================================================================
[2025-03-02T13:16:22.786+0000] {manager.py:879} INFO - 
================================================================================
DAG File Processing Stats

File Path                  PID    Runtime      # DAGs    # Errors  Last Runtime    Last Run
-------------------------  -----  ---------  --------  ----------  --------------  -------------------
/opt/airflow/dags/test.py                           1           0  0.18s           2025-03-02T13:15:52
================================================================================
[2025-03-02T13:16:53.089+0000] {manager.py:879} INFO - 
================================================================================
DAG File Processing Stats

File Path                  PID    Runtime      # DAGs    # Errors  Last Runtime    Last Run
-------------------------  -----  ---------  --------  ----------  --------------  -------------------
/opt/airflow/dags/test.py                           1           0  0.17s           2025-03-02T13:16:23
================================================================================
[2025-03-02T13:17:23.373+0000] {manager.py:879} INFO - 
================================================================================
DAG File Processing Stats

File Path                  PID    Runtime      # DAGs    # Errors  Last Runtime    Last Run
-------------------------  -----  ---------  --------  ----------  --------------  -------------------
/opt/airflow/dags/test.py                           1           0  0.17s           2025-03-02T13:16:53
================================================================================
[2025-03-02T13:17:53.655+0000] {manager.py:879} INFO - 
================================================================================
DAG File Processing Stats

File Path                  PID    Runtime      # DAGs    # Errors  Last Runtime    Last Run
-------------------------  -----  ---------  --------  ----------  --------------  -------------------
/opt/airflow/dags/test.py                           1           0  0.15s           2025-03-02T13:17:23
================================================================================
[2025-03-02T13:18:23.934+0000] {manager.py:879} INFO - 
================================================================================
DAG File Processing Stats

File Path                  PID    Runtime      # DAGs    # Errors  Last Runtime    Last Run
-------------------------  -----  ---------  --------  ----------  --------------  -------------------
/opt/airflow/dags/test.py                           1           0  0.16s           2025-03-02T13:17:53
================================================================================
[2025-03-02T13:18:54.210+0000] {manager.py:879} INFO - 
================================================================================
DAG File Processing Stats

File Path                  PID    Runtime      # DAGs    # Errors  Last Runtime    Last Run
-------------------------  -----  ---------  --------  ----------  --------------  -------------------
/opt/airflow/dags/test.py                           1           0  0.17s           2025-03-02T13:18:24
================================================================================
[2025-03-02T13:19:21.511+0000] {manager.py:738} INFO - Searching for files in /opt/airflow/dags
[2025-03-02T13:19:21.526+0000] {manager.py:741} INFO - There are 1 files in /opt/airflow/dags
[2025-03-02T13:19:24.547+0000] {manager.py:879} INFO - 
================================================================================
DAG File Processing Stats

File Path                    PID  Runtime      # DAGs    # Errors  Last Runtime    Last Run
-------------------------  -----  ---------  --------  ----------  --------------  -------------------
/opt/airflow/dags/test.py     96  0.00s             1           0  0.17s           2025-03-02T13:18:54
================================================================================
[2025-03-02T13:19:54.798+0000] {manager.py:879} INFO - 
================================================================================
DAG File Processing Stats

File Path                    PID  Runtime      # DAGs    # Errors  Last Runtime    Last Run
-------------------------  -----  ---------  --------  ----------  --------------  -------------------
/opt/airflow/dags/test.py     97  0.00s             1           0  0.17s           2025-03-02T13:19:24
================================================================================
